<!DOCTYPE html>
<html lang="uk">
    <head>
        <title>Golden-services</title>
        <meta charset="UTF-8">
        <meta name="keywords" content="">
        <link href="https://cdn.jsdelivr.net/npm/modern-normalize@2.0.0/modern-normalize.min.css" rel="stylesheet">
        <link href="https://fonts.googleapis.com/css2?family=Bilbo+Swash+Caps&family=Montserrat:ital,wght@0,100..900;1,100..900&family=Roboto+Slab:wght@100..900&display=swap" rel="stylesheet">
        <link rel="stylesheet" href="./style.css">
    </head>
    <body>
        <div class="container">
            <header>
                    <a class="logo" href="">Golden</a> 
                    <ul class="navigation">
                        <li class="nav-li"><a href="">Home</a></li>
                        <li class="nav-li"><a href="">Services</a></li>
                        <li class="nav-li"><a href="">Portfolio</a></li>
                        <li class="nav-li"><a href="">About</a></li>
                        <li class="nav-li"><a href="">Contacts</a></li>
                    </ul>
            </header>
            <main>
                <h1 class="title-content">SERVICES</h1>
                <ul class="services">
                    <li class="serv-li">
                        <h3 class="articles">E-Commerce</h3>
                        <p class="description">Proin iaculis purus consequat sem cure<br> digni ssim. Donec porttitora entum suscipit aenean rhoncus posuere odio in tincidunt.</p>
                    </li>
                    <li class="serv-li">
                        <h3 class="articles">Responsive Web</h3>
                        <p class="description">Proin iaculis purus consequat sem cure <br>digni ssim. Donec porttitora entum suscipit aenean rhoncus posuere odio in tincidunt.</p>
                    </li>
                    <li class="serv-li">
                        <h3 class="articles">Web Security</h3>
                        <p class="description">Proin iaculis purus consequat sem cure<br> digni ssim. Donec porttitora entum suscipit aenean rhoncus posuere odio in tincidunt.</p>
                    </li>
                </ul>
            </main>
            <footer>
                <h1 class="title-content">CONTACTS</h1>
                <form>
                    <div class="forms">
                        <label>
                            <input class="forms-el" type="text" name="username" placeholder="YOUR NAME*">
                        </label>
                        <label>
                            <input class="forms-el" type="email" placeholder="YOUR E-MAIL*">
                        </label>
                        <label>
                            <input class="forms-el" type="text" placeholder="SUBJECTS">
                        </label>
                    </div>
                    <label>
                        <textarea class="comment" placeholder="YOUR MESSAGE*" rows="10"></textarea>
                    </label>
                </form>
                <button type="submit">SEND MESSAGGE</button>
            </footer>
        </div>
    </body>
    </html>